........................................................................ [ 25%]
........................................................................ [ 51%]
........................................................................ [ 77%]
.............................................................            [100%]
277 passed in 59.22s
